a is the first letter of the alphabet.    
z is the last letter of the alphabet.